[    0.000000] Linux version 4.15.0-213-generic (buildd@lcy02-amd64-079) (gcc version 7.5.0 (Ubuntu 7.5.0-3ubuntu1~18.04)) #224-Ubuntu SMP Mon Jun 19 13:30:12 UTC 2023 (Ubuntu 4.15.0-213.224-generic 4.15.18)
[    0.000000] Command line: BOOT_IMAGE=/boot/vmlinuz-4.15.0-213-generic root=UUID=f685bb41-0e3b-40c4-89c1-eea0f0583525 ro console=tty1 console=ttyS0
[    0.000000] KERNEL supported cpus:
[    0.000000]   Intel GenuineIntel
[    0.000000]   AMD AuthenticAMD
[    0.000000]   Centaur CentaurHauls
[    0.000000] x86/fpu: Supporting XSAVE feature 0x001: 'x87 floating point registers'
[    0.000000] x86/fpu: Supporting XSAVE feature 0x002: 'SSE registers'
[    0.000000] x86/fpu: Supporting XSAVE feature 0x004: 'AVX registers'
[    0.000000] x86/fpu: xstate_offset[2]:  576, xstate_sizes[2]:  256
[    0.000000] x86/fpu: Enabled xstate features 0x7, context size is 832 bytes, using 'standard' format.
[    0.000000] e820: BIOS-provided physical RAM map:
[    0.000000] BIOS-e820: [mem 0x0000000000000000-0x000000000009fbff] usable
[    0.000000] BIOS-e820: [mem 0x000000000009fc00-0x000000000009ffff] reserved
[    0.000000] BIOS-e820: [mem 0x00000000000f0000-0x00000000000fffff] reserved
[    0.000000] BIOS-e820: [mem 0x0000000000100000-0x0000000063feffff] usable
[    0.000000] BIOS-e820: [mem 0x0000000063ff0000-0x0000000063ffffff] ACPI data
[    0.000000] BIOS-e820: [mem 0x00000000fec00000-0x00000000fec00fff] reserved
[    0.000000] BIOS-e820: [mem 0x00000000fee00000-0x00000000fee00fff] reserved
[    0.000000] BIOS-e820: [mem 0x00000000fffc0000-0x00000000ffffffff] reserved
[    0.000000] NX (Execute Disable) protection: active
[    0.000000] SMBIOS 2.5 present.
[    0.000000] DMI: innotek GmbH VirtualBox/VirtualBox, BIOS VirtualBox 12/01/2006
[    0.000000] Hypervisor detected: KVM
[    0.000000] e820: last_pfn = 0x63ff0 max_arch_pfn = 0x400000000
[    0.000000] MTRR: Disabled
[    0.000000] x86/PAT: MTRRs disabled, skipping PAT initialization too.
[    0.000000] CPU MTRRs all blank - virtualized system.
[    0.000000] x86/PAT: Configuration [0-7]: WB  WT  UC- UC  WB  WT  UC- UC  
[    0.000000] found SMP MP-table at [mem 0x0009fff0-0x0009ffff]
[    0.000000] Scanning 1 areas for low memory corruption
[    0.000000] RAMDISK: [mem 0x35819000-0x36c03fff]
[    0.000000] ACPI: Early table checksum verification disabled
[    0.000000] ACPI: RSDP 0x00000000000E0000 000024 (v02 VBOX  )
[    0.000000] ACPI: XSDT 0x0000000063FF0030 00003C (v01 VBOX   VBOXXSDT 00000001 ASL  00000061)
[    0.000000] ACPI: FACP 0x0000000063FF00F0 0000F4 (v04 VBOX   VBOXFACP 00000001 ASL  00000061)
[    0.000000] ACPI: DSDT 0x0000000063FF0610 002353 (v02 VBOX   VBOXBIOS 00000002 INTL 20200925)
[    0.000000] ACPI: FACS 0x0000000063FF0200 000040
[    0.000000] ACPI: FACS 0x0000000063FF0200 000040
[    0.000000] ACPI: APIC 0x0000000063FF0240 000054 (v02 VBOX   VBOXAPIC 00000001 ASL  00000061)
[    0.000000] ACPI: SSDT 0x0000000063FF02A0 00036C (v01 VBOX   VBOXCPUT 00000002 INTL 20200925)
[    0.000000] ACPI: Reserving FACP table memory at [mem 0x63ff00f0-0x63ff01e3]
[    0.000000] ACPI: Reserving DSDT table memory at [mem 0x63ff0610-0x63ff2962]
[    0.000000] ACPI: Reserving FACS table memory at [mem 0x63ff0200-0x63ff023f]
[    0.000000] ACPI: Reserving FACS table memory at [mem 0x63ff0200-0x63ff023f]
[    0.000000] ACPI: Reserving APIC table memory at [mem 0x63ff0240-0x63ff0293]
[    0.000000] ACPI: Reserving SSDT table memory at [mem 0x63ff02a0-0x63ff060b]
[    0.000000] No NUMA configuration found
[    0.000000] Faking a node at [mem 0x0000000000000000-0x0000000063feffff]
[    0.000000] NODE_DATA(0) allocated [mem 0x63fc5000-0x63feffff]
[    0.000000] kvm-clock: cpu 0, msr 0:63f44001, primary cpu clock
[    0.000000] kvm-clock: Using msrs 4b564d01 and 4b564d00
[    0.000000] kvm-clock: using sched offset of 3321020013 cycles
[    0.000000] clocksource: kvm-clock: mask: 0xffffffffffffffff max_cycles: 0x1cd42e4dffb, max_idle_ns: 881590591483 ns
[    0.000000] Zone ranges:
[    0.000000]   DMA      [mem 0x0000000000001000-0x0000000000ffffff]
[    0.000000]   DMA32    [mem 0x0000000001000000-0x0000000063feffff]
[    0.000000]   Normal   empty
[    0.000000]   Device   empty
[    0.000000] Movable zone start for each node
[    0.000000] Early memory node ranges
[    0.000000]   node   0: [mem 0x0000000000001000-0x000000000009efff]
[    0.000000]   node   0: [mem 0x0000000000100000-0x0000000063feffff]
[    0.000000] Reserved but unavailable: 104 pages
[    0.000000] Initmem setup node 0 [mem 0x0000000000001000-0x0000000063feffff]
[    0.000000] ACPI: PM-Timer IO Port: 0x4008
[    0.000000] IOAPIC[0]: apic_id 1, version 32, address 0xfec00000, GSI 0-23
[    0.000000] ACPI: INT_SRC_OVR (bus 0 bus_irq 0 global_irq 2 dfl dfl)
[    0.000000] ACPI: INT_SRC_OVR (bus 0 bus_irq 9 global_irq 9 low level)
[    0.000000] Using ACPI (MADT) for SMP configuration information
[    0.000000] smpboot: Allowing 1 CPUs, 0 hotplug CPUs
[    0.000000] PM: Registered nosave memory: [mem 0x00000000-0x00000fff]
[    0.000000] PM: Registered nosave memory: [mem 0x0009f000-0x0009ffff]
[    0.000000] PM: Registered nosave memory: [mem 0x000a0000-0x000effff]
[    0.000000] PM: Registered nosave memory: [mem 0x000f0000-0x000fffff]
[    0.000000] e820: [mem 0x64000000-0xfebfffff] available for PCI devices
[    0.000000] Booting paravirtualized kernel on KVM
[    0.000000] clocksource: refined-jiffies: mask: 0xffffffff max_cycles: 0xffffffff, max_idle_ns: 7645519600211568 ns
[    0.000000] setup_percpu: NR_CPUS:8192 nr_cpumask_bits:1 nr_cpu_ids:1 nr_node_ids:1
[    0.000000] percpu: Embedded 50 pages/cpu s167936 r8192 d28672 u2097152
[    0.000000] PV qspinlock hash table entries: 256 (order: 0, 4096 bytes)
[    0.000000] Built 1 zonelists, mobility grouping on.  Total pages: 403065
[    0.000000] Policy zone: DMA32
[    0.000000] Kernel command line: BOOT_IMAGE=/boot/vmlinuz-4.15.0-213-generic root=UUID=f685bb41-0e3b-40c4-89c1-eea0f0583525 ro console=tty1 console=ttyS0
[    0.000000] Memory: 1561560K/1637944K available (12300K kernel code, 2477K rwdata, 4324K rodata, 2480K init, 2720K bss, 76384K reserved, 0K cma-reserved)
[    0.000000] SLUB: HWalign=64, Order=0-3, MinObjects=0, CPUs=1, Nodes=1
[    0.000000] Kernel/User page tables isolation: enabled
[    0.000000] ftrace: allocating 39508 entries in 155 pages
[    0.004000] Hierarchical RCU implementation.
[    0.004000] 	RCU restricting CPUs from NR_CPUS=8192 to nr_cpu_ids=1.
[    0.004000] 	Tasks RCU enabled.
[    0.004000] RCU: Adjusting geometry for rcu_fanout_leaf=16, nr_cpu_ids=1
[    0.004000] NR_IRQS: 524544, nr_irqs: 256, preallocated irqs: 16
[    0.004000] Console: colour VGA+ 80x25
[    0.004000] console [tty1] enabled
[    0.004000] console [ttyS0] enabled
[    0.004000] ACPI: Core revision 20170831
[    0.004000] ACPI: 2 ACPI AML tables successfully acquired and loaded
[    0.004000] APIC: Switch to symmetric I/O mode setup
[    0.004000] x2apic enabled
[    0.004000] Switched APIC routing to physical x2apic.
[    0.005490] ..TIMER: vector=0x30 apic1=0 pin1=2 apic2=-1 pin2=-1
[    0.008006] tsc: Detected 2494.330 MHz processor
[    0.009554] Calibrating delay loop (skipped) preset value.. 4988.66 BogoMIPS (lpj=9977320)
[    0.012004] pid_max: default: 32768 minimum: 301
[    0.013556] Security Framework initialized
[    0.014810] Yama: becoming mindful.
[    0.016044] AppArmor: AppArmor initialized
[    0.017965] Dentry cache hash table entries: 262144 (order: 9, 2097152 bytes)
[    0.020338] Inode-cache hash table entries: 131072 (order: 8, 1048576 bytes)
[    0.022772] Mount-cache hash table entries: 4096 (order: 3, 32768 bytes)
[    0.024015] Mountpoint-cache hash table entries: 4096 (order: 3, 32768 bytes)
[    0.028341] process: using mwait in idle threads
[    0.029726] Last level iTLB entries: 4KB 512, 2MB 8, 4MB 8
[    0.032003] Last level dTLB entries: 4KB 512, 2MB 32, 4MB 32, 1GB 0
[    0.033693] Spectre V1 : Mitigation: usercopy/swapgs barriers and __user pointer sanitization
[    0.036004] Spectre V2 : Mitigation: Retpolines
[    0.037297] Spectre V2 : Spectre v2 / SpectreRSB mitigation: Filling RSB on context switch
[    0.039799] Spectre V2 : Spectre v2 / SpectreRSB : Filling RSB on VMEXIT
[    0.040009] Speculative Store Bypass: Vulnerable
[    0.041629] MDS: Mitigation: Clear CPU buffers
[    0.044005] MMIO Stale Data: Unknown: No mitigations
[    0.060370] Freeing SMP alternatives memory: 36K
[    0.172574] smpboot: CPU0: Intel(R) Core(TM) i3-3120M CPU @ 2.50GHz (family: 0x6, model: 0x3a, stepping: 0x9)
[    0.175644] Performance Events: unsupported p6 CPU model 58 no PMU driver, software events only.
[    0.176059] Hierarchical SRCU implementation.
[    0.178181] NMI watchdog: Perf event create on CPU 0 failed with -2
[    0.180003] NMI watchdog: Perf NMI watchdog permanently disabled
[    0.181960] smp: Bringing up secondary CPUs ...
[    0.184004] smp: Brought up 1 node, 1 CPU
[    0.185313] smpboot: Max logical packages: 1
[    0.186680] smpboot: Total of 1 processors activated (4988.66 BogoMIPS)
[    0.188183] devtmpfs: initialized
[    0.189399] x86/mm: Memory block size: 128MB
[    0.192444] evm: security.selinux
[    0.193593] evm: security.SMACK64
[    0.194681] evm: security.SMACK64EXEC
[    0.196008] evm: security.SMACK64TRANSMUTE
[    0.197340] evm: security.SMACK64MMAP
[    0.198528] evm: security.apparmor
[    0.200003] evm: security.ima
[    0.200944] evm: security.capability
[    0.202345] clocksource: jiffies: mask: 0xffffffff max_cycles: 0xffffffff, max_idle_ns: 7645041785100000 ns
[    0.204017] futex hash table entries: 256 (order: 2, 16384 bytes)
[    0.205884] pinctrl core: initialized pinctrl subsystem
[    0.208173] RTC time: 13:18:52, date: 11/21/23
[    0.210122] NET: Registered protocol family 16
[    0.212153] audit: initializing netlink subsys (disabled)
[    0.214101] cpuidle: using governor ladder
[    0.216010] cpuidle: using governor menu
[    0.217386] ACPI: bus type PCI registered
[    0.218659] acpiphp: ACPI Hot Plug PCI Controller Driver version: 0.5
[    0.220010] audit: type=2000 audit(1700572737.283:1): state=initialized audit_enabled=0 res=1
[    0.224028] PCI: Using configuration type 1 for base access
[    0.227307] HugeTLB registered 2.00 MiB page size, pre-allocated 0 pages
[    0.228278] ACPI: Added _OSI(Module Device)
[    0.229515] ACPI: Added _OSI(Processor Device)
[    0.232005] ACPI: Added _OSI(3.0 _SCP Extensions)
[    0.233332] ACPI: Added _OSI(Processor Aggregator Device)
[    0.234785] ACPI: Added _OSI(Linux-Dell-Video)
[    0.236016] ACPI: Added _OSI(Linux-Lenovo-NV-HDMI-Audio)
[    0.237547] ACPI: Added _OSI(Linux-HPI-Hybrid-Graphics)
[    0.240382] ACPI: Executed 1 blocks of module-level executable AML code
[    0.247072] ACPI: Interpreter enabled
[    0.248023] ACPI: (supports S0 S5)
[    0.249163] ACPI: Using IOAPIC for interrupt routing
[    0.251116] PCI: Using host bridge windows from ACPI; if necessary, use "pci=nocrs" and report a bug
[    0.252298] ACPI: Enabled 2 GPEs in block 00 to 07
[    0.264651] ACPI: PCI Root Bridge [PCI0] (domain 0000 [bus 00-ff])
[    0.266618] acpi PNP0A03:00: _OSC: OS supports [ASPM ClockPM Segments MSI]
[    0.268652] acpi PNP0A03:00: _OSC: not requesting OS control; OS requires [ExtendedConfig ASPM ClockPM MSI]
[    0.271621] acpi PNP0A03:00: fail to add MMCONFIG information, can't access extended PCI configuration space under this bridge.
[    0.272480] PCI host bridge to bus 0000:00
[    0.276010] pci_bus 0000:00: root bus resource [io  0x0000-0x0cf7 window]
[    0.278158] pci_bus 0000:00: root bus resource [io  0x0d00-0xffff window]
[    0.280008] pci_bus 0000:00: root bus resource [mem 0x000a0000-0x000bffff window]
[    0.282284] pci_bus 0000:00: root bus resource [mem 0x64000000-0xfdffffff window]
[    0.284005] pci_bus 0000:00: root bus resource [bus 00-ff]
[    0.290225] pci 0000:00:01.1: legacy IDE quirk: reg 0x10: [io  0x01f0-0x01f7]
[    0.292008] pci 0000:00:01.1: legacy IDE quirk: reg 0x14: [io  0x03f6]
[    0.294089] pci 0000:00:01.1: legacy IDE quirk: reg 0x18: [io  0x0170-0x0177]
[    0.296006] pci 0000:00:01.1: legacy IDE quirk: reg 0x1c: [io  0x0376]
[    0.324156] pci 0000:00:07.0: quirk: [io  0x4000-0x403f] claimed by PIIX4 ACPI
[    0.326429] pci 0000:00:07.0: quirk: [io  0x4100-0x410f] claimed by PIIX4 SMB
[    0.345379] ACPI: PCI Interrupt Link [LNKA] (IRQs 5 9 10 *11)
[    0.348221] ACPI: PCI Interrupt Link [LNKB] (IRQs 5 9 *10 11)
[    0.350376] ACPI: PCI Interrupt Link [LNKC] (IRQs 5 *9 10 11)
[    0.352225] ACPI: PCI Interrupt Link [LNKD] (IRQs 5 9 10 *11)
[    0.354669] SCSI subsystem initialized
[    0.356000] pci 0000:00:02.0: vgaarb: setting as boot VGA device
[    0.356000] pci 0000:00:02.0: vgaarb: VGA device added: decodes=io+mem,owns=io+mem,locks=none
[    0.356012] pci 0000:00:02.0: vgaarb: bridge control possible
[    0.360009] vgaarb: loaded
[    0.364083] ACPI: bus type USB registered
[    0.365333] usbcore: registered new interface driver usbfs
[    0.367134] usbcore: registered new interface driver hub
[    0.368023] usbcore: registered new device driver usb
[    0.369715] EDAC MC: Ver: 3.0.0
[    0.372355] PCI: Using ACPI for IRQ routing
[    0.374083] NetLabel: Initializing
[    0.375223] NetLabel:  domain hash size = 128
[    0.376003] NetLabel:  protocols = UNLABELED CIPSOv4 CALIPSO
[    0.377810] NetLabel:  unlabeled traffic allowed by default
[    0.380172] clocksource: Switched to clocksource kvm-clock
[    0.391915] VFS: Disk quotas dquot_6.6.0
[    0.397161] VFS: Dquot-cache hash table entries: 512 (order 0, 4096 bytes)
[    0.399484] AppArmor: AppArmor Filesystem Enabled
[    0.401096] pnp: PnP ACPI init
[    0.403571] pnp: PnP ACPI: found 3 devices
[    0.410886] clocksource: acpi_pm: mask: 0xffffff max_cycles: 0xffffff, max_idle_ns: 2085701024 ns
[    0.413632] NET: Registered protocol family 2
[    0.415195] IP idents hash table entries: 32768 (order: 6, 262144 bytes)
[    0.417721] TCP established hash table entries: 16384 (order: 5, 131072 bytes)
[    0.420258] TCP bind hash table entries: 16384 (order: 6, 262144 bytes)
[    0.422410] TCP: Hash tables configured (established 16384 bind 16384)
[    0.424498] UDP hash table entries: 1024 (order: 3, 32768 bytes)
[    0.426725] UDP-Lite hash table entries: 1024 (order: 3, 32768 bytes)
[    0.428911] NET: Registered protocol family 1
[    0.430284] pci 0000:00:00.0: Limiting direct PCI/PCI transfers
[    0.432002] pci 0000:00:01.0: Activating ISA DMA hang workarounds
[    0.433757] pci 0000:00:02.0: Video device with shadowed ROM at [mem 0x000c0000-0x000dffff]
[    0.436189] Unpacking initramfs...
[    0.759961] Freeing initrd memory: 20396K
[    0.761357] clocksource: tsc: mask: 0xffffffffffffffff max_cycles: 0x23f44dae1ab, max_idle_ns: 440795269790 ns
[    0.764303] platform rtc_cmos: registered platform RTC device (no PNP device found)
[    0.766526] Scanning for low memory corruption every 60 seconds
[    0.768776] Initialise system trusted keyrings
[    0.770076] Key type blacklist registered
[    0.771276] workingset: timestamp_bits=36 max_order=19 bucket_order=0
[    0.774428] zbud: loaded
[    0.775818] squashfs: version 4.0 (2009/01/31) Phillip Lougher
[    0.777611] fuse init (API version 7.26)
[    0.779872] Key type asymmetric registered
[    0.781088] Asymmetric key parser 'x509' registered
[    0.782550] Block layer SCSI generic (bsg) driver version 0.4 loaded (major 246)
[    0.784679] io scheduler noop registered
[    0.785882] io scheduler deadline registered
[    0.787200] io scheduler cfq registered (default)
[    0.788929] ACPI: AC Adapter [AC] (on-line)
[    0.790206] input: Power Button as /devices/LNXSYSTM:00/LNXPWRBN:00/input/input0
[    0.792339] ACPI: Power Button [PWRF]
[    0.793552] input: Sleep Button as /devices/LNXSYSTM:00/LNXSLPBN:00/input/input1
[    0.795663] ACPI: Sleep Button [SLPF]
[    0.797087] Serial: 8250/16550 driver, 32 ports, IRQ sharing enabled
[    0.821927] 00:02: ttyS0 at I/O 0x3f8 (irq = 4, base_baud = 115200) is a 16550A
[    0.825728] Linux agpgart interface v0.103
[    0.828386] loop: module loaded
[    0.830007] scsi host0: ata_piix
[    0.831067] scsi host1: ata_piix
[    0.832052] ata1: PATA max UDMA/33 cmd 0x1f0 ctl 0x3f6 bmdma 0xd000 irq 14
[    0.833919] ata2: PATA max UDMA/33 cmd 0x170 ctl 0x376 bmdma 0xd008 irq 15
[    0.836350] tun: Universal TUN/TAP device driver, 1.6
[    0.837786] PPP generic driver version 2.4.2
[    0.839174] ehci_hcd: USB 2.0 'Enhanced' Host Controller (EHCI) Driver
[    0.841194] ehci-pci: EHCI PCI platform driver
[    0.842500] ehci-platform: EHCI generic platform driver
[    0.843916] ohci_hcd: USB 1.1 'Open' Host Controller (OHCI) Driver
[    0.845652] ohci-pci: OHCI PCI platform driver
[    0.847010] ohci-platform: OHCI generic platform driver
[    0.848450] uhci_hcd: USB Universal Host Controller Interface driver
[    0.850201] i8042: PNP: PS/2 Controller [PNP0303:PS2K,PNP0f03:PS2M] at 0x60,0x64 irq 1,12
[    0.852945] serio: i8042 KBD port at 0x60,0x64 irq 1
[    0.854418] serio: i8042 AUX port at 0x60,0x64 irq 12
[    0.855958] mousedev: PS/2 mouse device common for all mice
[    0.857853] input: AT Translated Set 2 keyboard as /devices/platform/i8042/serio0/input/input2
[    0.860744] rtc_cmos rtc_cmos: rtc core: registered rtc_cmos as rtc0
[    0.862590] rtc_cmos rtc_cmos: alarms up to one day, 114 bytes nvram
[    0.864486] i2c /dev entries driver
[    0.865562] device-mapper: uevent: version 1.0.3
[    0.866988] device-mapper: ioctl: 4.37.0-ioctl (2017-09-20) initialised: dm-devel@redhat.com
[    0.869452] ledtrig-cpu: registered to indicate activity on CPUs
[    0.871627] NET: Registered protocol family 10
[    0.876553] Segment Routing with IPv6
[    0.877818] NET: Registered protocol family 17
[    0.879167] Key type dns_resolver registered
[    0.880662] mce: Using 0 MCE banks
[    0.881659] RAS: Correctable Errors collector initialized.
[    0.883196] sched_clock: Marking stable (880523245, 0)->(1125052194, -244528949)
[    0.885965] registered taskstats version 1
[    0.887215] Loading compiled-in X.509 certificates
[    0.891172] Loaded X.509 cert 'Build time autogenerated kernel key: cdc7189136aaa35407544516090e2034d9c28e14'
[    0.894806] Loaded X.509 cert 'Canonical Ltd. Live Patch Signing: 14df34d1a87cf37625abec039ef2bf521249b969'
[    0.898439] Loaded X.509 cert 'Canonical Ltd. Kernel Module Signing: 88f752e560a1e0737e31163a466ad7b70a850c19'
[    0.901139] blacklist: Loading compiled-in revocation X.509 certificates
[    0.903052] Loaded X.509 cert 'Canonical Ltd. Secure Boot Signing: 61482aa2830d0ab2ad5af10b7250da9033ddcef0'
[    0.905801] Loaded X.509 cert 'Canonical Ltd. Secure Boot Signing (2017): 242ade75ac4a15e50d50c84b0d45ff3eae707a03'
[    0.908664] Loaded X.509 cert 'Canonical Ltd. Secure Boot Signing (ESM 2018): 365188c1d374d6b07c3c8f240f8ef722433d6a8b'
[    0.911798] Loaded X.509 cert 'Canonical Ltd. Secure Boot Signing (2019): c0746fd6c5da3ae827864651ad66ae47fe24b3e8'
[    0.914740] Loaded X.509 cert 'Canonical Ltd. Secure Boot Signing (2021 v1): a8d54bbb3825cfb94fa13c9f8a594a195c107b8d'
[    0.917672] Loaded X.509 cert 'Canonical Ltd. Secure Boot Signing (2021 v2): 4cf046892d6fd3c9a5b03f98d845f90851dc6a8c'
[    0.920696] Loaded X.509 cert 'Canonical Ltd. Secure Boot Signing (2021 v3): 100437bb6de6e469b581e61cd66bce3ef4ed53af'
[    0.923871] Loaded X.509 cert 'Canonical Ltd. Secure Boot Signing (Ubuntu Core 2019): c1d57b8f6b743f23ee41f4f7ee292f06eecadfb9'
[    0.927343] zswap: loaded using pool lzo/zbud
[    0.932044] Key type big_key registered
[    0.933306] Key type trusted registered
[    0.936121] Key type encrypted registered
[    0.937403] AppArmor: AppArmor sha1 policy hashing enabled
[    0.939097] ima: No TPM chip found, activating TPM-bypass! (rc=-19)
[    0.941206] ima: Allocated hash algorithm: sha1
[    0.942708] evm: HMAC attrs: 0x1
[    0.944238]   Magic number: 15:259:332
[    0.945522] tty tty53: hash matches
[    0.946798] rtc_cmos rtc_cmos: setting system clock to 2023-11-21 13:18:53 UTC (1700572733)
[    0.949517] BIOS EDD facility v0.16 2004-Jun-25, 0 devices found
[    0.951406] EDD information not available.
[    1.017465] Freeing unused kernel image memory: 2480K
[    1.024082] Write protecting the kernel read-only data: 20480k
[    1.026399] Freeing unused kernel image memory: 2008K
[    1.028346] Freeing unused kernel image memory: 1820K
[    1.038693] x86/mm: Checked W+X mappings: passed, no W+X pages found.
[    1.040833] x86/mm: Checking user space page tables
[    1.050540] x86/mm: Checked W+X mappings: passed, no W+X pages found.
Loading, please wait...
starting version 237
[    1.198247] e1000: Intel(R) PRO/1000 Network Driver - version 7.3.21-k8-NAPI
[    1.200040] e1000: Copyright (c) 1999-2006 Intel Corporation.
[    1.208027] Fusion MPT base driver 3.04.20
[    1.210958] Copyright (c) 1999-2008 LSI Corporation
[    1.264670] Fusion MPT SPI Host driver 3.04.20
[    1.421460] input: ImExPS/2 Generic Explorer Mouse as /devices/platform/i8042/serio1/input/input4
[    1.653289] e1000 0000:00:03.0 eth0: (PCI:33MHz:32-bit) 02:3b:7b:b7:3b:2d
[    1.655196] e1000 0000:00:03.0 eth0: Intel(R) PRO/1000 Network Connection
[    1.658277] mptbase: ioc0: Initiating bringup
[    1.764699] ioc0: LSI53C1030 A0: Capabilities={Initiator}
[    2.011900] scsi host2: ioc0: LSI53C1030 A0, FwRev=00000000h, Ports=1, MaxQ=256, IRQ=20
[    2.185184] scsi 2:0:0:0: Direct-Access     VBOX     HARDDISK         1.0  PQ: 0 ANSI: 5
[    2.194368] scsi target2:0:0: Beginning Domain Validation
[    2.200049] scsi target2:0:0: Domain Validation skipping write tests
[    2.208482] scsi target2:0:0: Ending Domain Validation
[    2.210425] scsi target2:0:0: asynchronous
[    2.213134] scsi 2:0:1:0: Direct-Access     VBOX     HARDDISK         1.0  PQ: 0 ANSI: 5
[    2.216141] scsi target2:0:1: Beginning Domain Validation
[    2.221404] scsi target2:0:1: Domain Validation skipping write tests
[    2.224160] scsi target2:0:1: Ending Domain Validation
[    2.226453] scsi target2:0:1: asynchronous
[    2.327563] sd 2:0:0:0: [sda] 83886080 512-byte logical blocks: (42.9 GB/40.0 GiB)
[    2.330803] sd 2:0:0:0: Attached scsi generic sg0 type 0
[    2.332455] sd 2:0:0:0: [sda] Write Protect is off
[    2.333940] sd 2:0:1:0: [sdb] 20480 512-byte logical blocks: (10.5 MB/10.0 MiB)
[    2.335985] sd 2:0:1:0: [sdb] Write Protect is off
[    2.337208] sd 2:0:1:0: Attached scsi generic sg1 type 0
[    2.338536] sd 2:0:0:0: [sda] Incomplete mode parameter data
[    2.341951] sd 2:0:0:0: [sda] Assuming drive cache: write through
[    2.348734] sd 2:0:1:0: [sdb] Incomplete mode parameter data
[    2.350266] sd 2:0:1:0: [sdb] Assuming drive cache: write through
[    2.367662]  sda: sda1
[    2.369035] sd 2:0:0:0: [sda] Attached SCSI disk
[    2.375217] sd 2:0:1:0: [sdb] Attached SCSI disk
[    2.653091] e1000 0000:00:08.0 eth1: (PCI:33MHz:32-bit) 08:00:27:9c:7b:4f
[    2.655089] e1000 0000:00:08.0 eth1: Intel(R) PRO/1000 Network Connection
[    2.658773] e1000 0000:00:08.0 enp0s8: renamed from eth1
[    2.662575] e1000 0000:00:03.0 enp0s3: renamed from eth0
Begin: Loading essential drivers ... [    4.204891] raid6: sse2x1   gen()  7708 MB/s
[    4.268928] raid6: sse2x1   xor()  5452 MB/s
[    4.336865] raid6: sse2x2   gen() 10015 MB/s
[    4.400965] raid6: sse2x2   xor()  6081 MB/s
[    4.469396] raid6: sse2x4   gen() 10857 MB/s
[    4.533563] raid6: sse2x4   xor()  6056 MB/s
[    4.534943] raid6: using algorithm sse2x4 gen() 10857 MB/s
[    4.536854] raid6: .... xor() 6056 MB/s, rmw enabled
[    4.538332] raid6: using ssse3x2 recovery algorithm
[    4.542915] xor: automatically using best checksumming function   avx       
[    4.551304] async_tx: api initialized (async)
done.
Begin: Running /scripts/init-premount ... done.
Begin: Mounting root file system ... Begin: Running /scripts/local-top ... done.
Begin: Running /scripts/local-premount ... [    4.634890] Btrfs loaded, crc32c=crc32c-intel
Scanning for Btrfs filesystems
done.
Begin: Will now check root file system ... fsck from util-linux 2.31.1
[/sbin/fsck.ext4 (1) -- /dev/sda1] fsck.ext4 -a -C0 /dev/sda1 
cloudimg-rootfs: clean, 161920/5120000 files, 1689029/10485499 blocks
done.
[    4.698221] EXT4-fs (sda1): mounted filesystem with ordered data mode. Opts: (null)
done.
Begin: Running /scripts/local-bottom ... done.
Begin: Running /scripts/init-bottom ... done.
[    4.962304] ip_tables: (C) 2000-2006 Netfilter Core Team
[    4.981232] systemd[1]: systemd 237 running in system mode. (+PAM +AUDIT +SELINUX +IMA +APPARMOR +SMACK +SYSVINIT +UTMP +LIBCRYPTSETUP +GCRYPT +GNUTLS +ACL +XZ +LZ4 +SECCOMP +BLKID +ELFUTILS +KMOD -IDN2 +IDN -PCRE2 default-hierarchy=hybrid)
[    4.987299] systemd[1]: Detected virtualization oracle.
[    4.988703] systemd[1]: Detected architecture x86-64.

Welcome to [1mUbuntu 18.04.6 LTS[0m!

[    4.995902] systemd[1]: Set hostname to <ubuntu-bionic>.
[    5.465127] random: systemd: uninitialized urandom read (16 bytes read)
[    5.469528] systemd[1]: Reached target System Time Synchronized.
[[0;32m  OK  [0m] Reached target System Time Synchronized.
[    5.478253] random: systemd: uninitialized urandom read (16 bytes read)
[    5.482544] systemd[1]: Set up automount Arbitrary Executable File Formats File System Automount Point.
[[0;32m  OK  [0m] Set up automount Arbitrary Executabâ€¦rmats File System Automount Point.
[    5.490335] random: systemd: uninitialized urandom read (16 bytes read)
[    5.494070] systemd[1]: Created slice User and Session Slice.
[[0;32m  OK  [0m] Created slice User and Session Slice.
[    5.498364] systemd[1]: Started Forward Password Requests to Wall Directory Watch.
[[0;32m  OK  [0m] Started Forward Password Requests to Wall Directory Watch.
[    5.503771] systemd[1]: Reached target Swap.
[[0;32m  OK  [0m] Reached target Swap.
[    5.508002] systemd[1]: Created slice System Slice.
[[0;32m  OK  [0m] Created slice System Slice.
[[0;32m  OK  [0m] Listening on udev Control Socket.
[[0;32m  OK  [0m] Listening on fsck to fsckd communication Socket.
[[0;32m  OK  [0m] Reached target Slices.
[[0;32m  OK  [0m] Listening on /dev/initctl Compatibility Named Pipe.
[[0;32m  OK  [0m] Listening on Journal Socket.
         Starting Load Kernel Modules...
         Mounting Huge Pages File System...
         Starting Set the console keyboard layout...
         Mounting Kernel Debug File System...
[    5.547136] Loading iSCSI transport class v2.0-870.
         Starting Create list of required stâ€¦ce nodes for the current kernel...
[[0;32m  OK  [0m] Listening on Device-mapper event daemon FIFOs.
[[0;32m  OK  [0m] Listening on Journal Socket (/dev/log).
[[0;32m  OK  [0m] Listening on Network Service Netlink Socket.
         Starting Uncomplicated firewall...[    5.565491] iscsi: registered transport (tcp)

[[0;32m  OK  [0m] Listening on Journal Audit Socket.
[[0;32m  OK  [0m] Listening on Syslog Socket.
         Starting Journal Service...
[[0;32m  OK  [0m] Listening on udev Kernel Socket.
[[0;32m  OK  [0m] Reached target Mounting snaps.
[[0;32m  OK  [0m] Reached target Mounted snaps.
         Mounting POSIX Message Queue File System...
[[0;32m  OK  [0m] Listening on LVM2 metadata daemon socket.
         Starting Remount Root and Kernel File Systems...
[[0;32m  OK  [0m] Listening on LVM2 poll daemon socket.
[[0;32m  OK  [0m] Reached target User and Group Name Lookups.
         Starting udev Coldplug all Devices...
         Starting Monitoring of LVM2 mirrorsâ€¦ng dmeventd or progress polling...
[[0;32m  OK  [0m] Created slice system-serial\x2dgetty.slice.
[[0;32m  OK  [0m] Mounted Huge Pages File System.
[[0;32m  OK  [0m] Mounted Kernel Debug File System.
[[0;32m  OK  [0m] Started Create list of required staâ€¦vice nodes for the current kernel.
[[0;32m  OK  [0m] Started Uncomplicated firewall.
[[0;32m  OK  [0m] Mounted POSIX Message Queue File System.
         Starting Create Static Device Nodes in /dev...
[[0;32m  OK  [0m] Started LVM2 metadata daemon.
[    5.726048] EXT4-fs (sda1): re-mounted. Opts: (null)
[[0;32m  OK  [0m] Started Remount Root and Kernel File Systems.
         Starting Load/Save Random Seed...
[[0;32m  OK  [0m] Started Journal Service.
         Starting Flush Journal to Persistent Storage...
[[0;32m  OK  [0m] Started Load/Save Random Seed.
[[0;32m  OK  [0m] Started Create Static Device Nodes in /dev.
         Starting udev Kernel Device Manager...
[[0;32m  OK  [0m] Started udev Coldplug all Devices.
[[0;32m  OK  [0m] Started Monitoring of LVM2 mirrors,â€¦sing dmeventd or progress polling.
[    5.879534] iscsi: registered transport (iser)
[    5.902351] systemd-journald[385]: Received request to flush runtime journal from PID 1
[[0;32m  OK  [0m] Started Load Kernel Modules.
         Mounting FUSE Control File System...
         Starting Apply Kernel Variables...
         Mounting Kernel Configuration File System...
[[0;32m  OK  [0m] Mounted FUSE Control File System.
[[0;32m  OK  [0m] Mounted Kernel Configuration File System.
[[0;32m  OK  [0m] Started udev Kernel Device Manager.
[[0;32m  OK  [0m] Started Set the console keyboard layout.
[[0;32m  OK  [0m] Started Dispatch Password Requests to Console Directory Watch.
[[0;32m  OK  [0m] Reached target Local Encrypted Volumes.
[[0;32m  OK  [0m] Reached target Local File Systems (Pre).
[[0;32m  OK  [0m] Reached target Local File Systems.
         Starting AppArmor initialization...
         Starting Tell Plymouth To Write Out Runtime Data...
         Starting ebtables ruleset management...
         Starting Set console font and keymap...
[[0;32m  OK  [0m] Started Apply Kernel Variables.
[[0;32m  OK  [0m] Started Tell Plymouth To Write Out Runtime Data.
[[0;32m  OK  [0m] Started Set console font and keymap.
[[0;32m  OK  [0m] Started Flush Journal to Persistent Storage.
         Starting Create Volatile Files and Directories...
[[0;32m  OK  [0m] Started ebtables ruleset management.
[[0;32m  OK  [0m] Started Create Volatile Files and Directories.
         Starting Update UTMP about System Boot/Shutdown...
[[0;32m  OK  [0m] Started Update UTMP about System Boot/Shutdown.
[[0;32m  OK  [0m] Started AppArmor initialization.
         Starting Load AppArmor profiles managed internally by snapd...
         Starting Initial cloud-init job (pre-networking)...
         Mounting Arbitrary Executable File Formats File System...
[[0;32m  OK  [0m] Found device /dev/ttyS0.
[[0;32m  OK  [0m] Mounted Arbitrary Executable File Formats File System.
[[0;32m  OK  [0m] Started Load AppArmor profiles managed internally by snapd.
[[0;32m  OK  [0m] Listening on Load/Save RF Kill Switch Status /dev/rfkill Watch.
[    8.485823] cloud-init[503]: Cloud-init v. 23.1.2-0ubuntu0~18.04.1 running 'init-local' at Tue, 21 Nov 2023 13:19:00 +0000. Up 8.26 seconds.
[[0;32m  OK  [0m] Started Initial cloud-init job (pre-networking).
[[0;32m  OK  [0m] Reached target Network (Pre).
         Starting Network Service...
[[0;32m  OK  [0m] Started Network Service.
         Starting Wait for Network to be Configured...
         Starting Network Name Resolution...
[[0;32m  OK  [0m] Started Network Name Resolution.
[[0;32m  OK  [0m] Reached target Network.
[[0;32m  OK  [0m] Reached target Host and Network Name Lookups.
[[0;32m  OK  [0m] Started Wait for Network to be Configured.
         Starting Initial cloud-init job (metadata service crawler)...
[   11.483464] cloud-init[625]: Cloud-init v. 23.1.2-0ubuntu0~18.04.1 running 'init' at Tue, 21 Nov 2023 13:19:03 +0000. Up 11.23 seconds.
[   11.487105] cloud-init[625]: ci-info: ++++++++++++++++++++++++++++++++++++++Net device info+++++++++++++++++++++++++++++++++++++++
[   11.495511] cloud-init[625]: ci-info: +--------+------+-----------------------------+---------------+--------+-------------------+
[   11.500696] cloud-init[625]: ci-info: | Device |  Up  |           Address           |      Mask     | Scope  |     Hw-Address    |
[   11.507158] cloud-init[625]: ci-info: +--------+------+-----------------------------+---------------+--------+-------------------+
[   11.509626] cloud-init[625]: ci-info: | enp0s3 | True |          10.0.2.15          | 255.255.255.0 | global | 02:3b:7b:b7:3b:2d |
[   11.515165] cloud-init[625]: ci-info: | enp0s3 | True |  fe80::3b:7bff:feb7:3b2d/64 |       .       |  link  | 02:3b:7b:b7:3b:2d |
[   11.520868] cloud-init[625]: ci-info: | enp0s8 | True |        192.168.56.12        | 255.255.255.0 | global | 08:00:27:9c:7b:4f |
[   11.527137] cloud-init[625]: ci-info: | enp0s8 | True | fe80::a00:27ff:fe9c:7b4f/64 |       .       |  link  | 08:00:27:9c:7b:4f |
[   11.529198] cloud-init[625]: ci-info: |   lo   | True |          127.0.0.1          |   255.0.0.0   |  host  |         .         |
[   11.531337] cloud-init[625]: ci-info: |   lo   | True |           ::1/128           |       .       |  host  |         .         |
[   11.538423] cloud-init[625]: ci-info: +--------+------+-----------------------------+---------------+--------+-------------------+
[   11.540589] cloud-init[625]: ci-info: +++++++++++++++++++++++++++++Route IPv4 info+++++++++++++++++++++++++++++
[   11.542462] cloud-init[625]: ci-info: +-------+--------------+----------+-----------------+-----------+-------+
[   11.547461] cloud-init[625]: ci-info: | Route | Destination  | Gateway  |     Genmask     | Interface | Flags |
[   11.549725] cloud-init[625]: ci-info: +-------+--------------+----------+-----------------+-----------+-------+
[   11.552192] cloud-init[625]: ci-info: |   0   |   0.0.0.0    | 10.0.2.2 |     0.0.0.0     |   enp0s3  |   UG  |
[   11.556212] cloud-init[625]: ci-info: |   1   |   10.0.2.0   | 0.0.0.0  |  255.255.255.0  |   enp0s3  |   U   |
[   11.560202] cloud-init[625]: ci-info: |   2   |   10.0.2.2   | 0.0.0.0  | 255.255.255.255 |   enp0s3  |   UH  |
[   11.563312] cloud-init[625]: ci-info: |   3   | 192.168.56.0 | 0.0.0.0  |  255.255.255.0  |   enp0s8  |   U   |
[   11.570936] cloud-init[625]: ci-info: +-------+--------------+----------+-----------------+-----------+-------+
[   11.573415] cloud-init[625]: ci-info: +++++++++++++++++++Route IPv6 info+++++++++++++++++++
[   11.581465] cloud-init[625]: ci-info: +-------+-------------+---------+-----------+-------+
[   11.583342] cloud-init[625]: ci-info: | Route | Destination | Gateway | Interface | Flags |
[   11.590037] cloud-init[625]: ci-info: +-------+-------------+---------+-----------+-------+
[   11.592056] cloud-init[625]: ci-info: |   1   |  fe80::/64  |    ::   |   enp0s8  |   U   |
[   11.598181] cloud-init[625]: ci-info: |   2   |  fe80::/64  |    ::   |   enp0s3  |   U   |
[   11.600177] cloud-init[625]: ci-info: |   4   |    local    |    ::   |   enp0s3  |   U   |
[   11.602081] cloud-init[625]: ci-info: |   5   |    local    |    ::   |   enp0s8  |   U   |
[   11.604461] cloud-init[625]: ci-info: |   6   |   ff00::/8  |    ::   |   enp0s8  |   U   |
[   11.606747] cloud-init[625]: ci-info: |   7   |   ff00::/8  |    ::   |   enp0s3  |   U   |
[   11.609719] cloud-init[625]: ci-info: +-------+-------------+---------+-----------+-------+
[[0;32m  OK  [0m] Started Initial cloud-init job (metadata service crawler).
[[0;32m  OK  [0m] Reached target Network is Online.
         Starting Availability of block devices...
[[0;32m  OK  [0m] Reached target Remote File Systems (Pre).
         Mounting /vagrant...
[[0;32m  OK  [0m] Reached target System Initialization.
         Starting Socket activation for snappy daemon.
[[0;32m  OK  [0m] Started Message of the Day.
[[0;32m  OK  [0m] Listening on UUID daemon activation socket.
[[0;32m  OK  [0m] Listening on Open-iSCSI iscsid Socket.
[[0;32m  OK  [0m] Started Daily Cleanup of Temporary Directories.
[[0;32m  OK  [0m] Listening on cloud-init hotplug hook socket.
[[0;32m  OK  [0m] Started ACPI Events Check.
         Starting LXD - unix socket.
[[0;32m  OK  [0m] Started Ubuntu Advantage Timer for running repeated jobs.
[[0;32m  OK  [0m] Started Daily apt download activities.
[[0;32m  OK  [0m] Started Discard unused blocks once a week.
         Starting Docker Socket for the API.
[[0;32m  OK  [0m] Reached target Paths.
[[0;32m  OK  [0m] Started Daily apt upgrade and clean activities.
[[0;32m  OK  [0m] Reached target Timers.
[[0;32m  OK  [0m] Listening on D-Bus System Message Bus Socket.
[[0;32m  OK  [0m] Listening on ACPID Listen Socket.
[[0;32m  OK  [0m] Reached target Cloud-config availability.
[[0;32m  OK  [0m] Started Availability of block devices.
[[0;32m  OK  [0m] Mounted /vagrant.
[[0;32m  OK  [0m] Listening on Socket activation for snappy daemon.
[[0;32m  OK  [0m] Listening on LXD - unix socket.
[[0;32m  OK  [0m] Listening on Docker Socket for the API.
[[0;32m  OK  [0m] Reached target Sockets.
[[0;32m  OK  [0m] Reached target Basic System.
[[0;32m  OK  [0m] Started Regular background program processing daemon.
[[0;32m  OK  [0m] Started D-Bus System Message Bus.
[[0;32m  OK  [0m] Started FUSE filesystem for LXC.
         Starting Dispatcher daemon for systemd-networkd...
         Starting Snap Daemon...
         Starting LSB: Record successful boot for GRUB...
         Starting System Logging Service...
         Starting containerd container runtime...
[[0;32m  OK  [0m] Reached target Login Prompts (Pre).
[[0;32m  OK  [0m] Started irqbalance daemon.
[[0;32m  OK  [0m] Started Deferred execution scheduler.
         Starting LXD - container startup/shutdown...
         Starting Login Service...
         Starting Virtualbox guest utils...
         Starting Accounts Service...
         Starting OpenBSD Secure Shell server...
[[0;32m  OK  [0m] Reached target Remote File Systems.
         Starting Permit User Sessions...
         Starting LSB: automatic crash report generation...
[[0;32m  OK  [0m] Started System Logging Service.
[[0;32m  OK  [0m] Started Login Service.
[[0;32m  OK  [0m] Started Unattended Upgrades Shutdown.
[[0;32m  OK  [0m] Started Permit User Sessions.
         Starting Terminate Plymouth Boot Screen...
         Starting Hold until boot process finishes up...
[[0;32m  OK  [0m] Started Hold until boot process finishes up.
         Starting Set console scheme...
[[0;32m  OK  [0m] Started Serial Getty on ttyS0.
[[0;32m  OK  [0m] Started Terminate Plymouth Boot Screen.
[[0;32m  OK  [0m] Started Set console scheme.
[[0;32m  OK  [0m] Created slice system-getty.slice.
[[0;32m  OK  [0m] Started Getty on tty1.
[[0;32m  OK  [0m] Reached target Login Prompts.
         Starting Authorization Manager...
[[0;32m  OK  [0m] Started LSB: automatic crash report generation.
[[0;32m  OK  [0m] Started OpenBSD Secure Shell server.
[[0;32m  OK  [0m] Started Authorization Manager.
[[0;32m  OK  [0m] Started Accounts Service.
[[0;32m  OK  [0m] Started LSB: Record successful boot for GRUB.
[[0;32m  OK  [0m] Started Virtualbox guest utils.
[[0;32m  OK  [0m] Started LXD - container startup/shutdown.
[[0;32m  OK  [0m] Created slice User Slice of vagrant.
         Starting User Manager for UID 1000...
[[0;32m  OK  [0m] Started Session 1 of user vagrant.
[[0;32m  OK  [0m] Started Dispatcher daemon for systemd-networkd.
[[0;32m  OK  [0m] Started Snap Daemon.
         Starting Wait until snapd is fully seeded...
         Starting Time & Date Service...
[[0;32m  OK  [0m] Started User Manager for UID 1000.
[[0;32m  OK  [0m] Started Time & Date Service.
[[0;32m  OK  [0m] Started Wait until snapd is fully seeded.
         Starting Apply the settings specified in cloud-config...
[[0;32m  OK  [0m] Started containerd container runtime.
         Starting Docker Application Container Engine...
[   15.426682] cloud-init[989]: Cloud-init v. 23.1.2-0ubuntu0~18.04.1 running 'modules:config' at Tue, 21 Nov 2023 13:19:07 +0000. Up 15.18 seconds.
[[0;32m  OK  [0m] Started Apply the settings specified in cloud-config.
[[0;32m  OK  [0m] Started Docker Application Container Engine.
[[0;32m  OK  [0m] Reached target Multi-User System.
[[0;32m  OK  [0m] Reached target Graphical Interface.
         Starting Execute cloud user/final scripts...
         Starting Update UTMP about System Runlevel Changes...
[[0;32m  OK  [0m] Started Update UTMP about System Runlevel Changes.
[   17.792141] cloud-init[1321]: Cloud-init v. 23.1.2-0ubuntu0~18.04.1 running 'modules:final' at Tue, 21 Nov 2023 13:19:10 +0000. Up 17.50 seconds.
[   17.811329] cloud-init[1321]: Cloud-init v. 23.1.2-0ubuntu0~18.04.1 finished at Tue, 21 Nov 2023 13:19:10 +0000. Datasource DataSourceNoCloud [seed=/dev/sdb][dsmode=net].  Up 17.77 seconds

Ubuntu 18.04.6 LTS ubuntu-bionic ttyS0

ubuntu-bionic login: [[0;32m  OK  [0m] Stopped Unattended Upgrades Shutdown.
         Stopping Authorization Manager...
         Stopping User Manager for UID 1000...
[[0;32m  OK  [0m] Stopped target Timers.
[[0;32m  OK  [0m] Stopped Daily Cleanup of Temporary Directories.
[[0;32m  OK  [0m] Stopped Daily apt upgrade and clean activities.
[[0;32m  OK  [0m] Stopped Daily apt download activities.
[[0;32m  OK  [0m] Stopped Message of the Day.
[[0;32m  OK  [0m] Closed Load/Save RF Kill Switch Status /dev/rfkill Watch.
         Stopping Session 6 of user vagrant.
[[0;32m  OK  [0m] Stopped target Host and Network Name Lookups.
[[0;32m  OK  [0m] Stopped Ubuntu Advantage Timer for running repeated jobs.
[[0;32m  OK  [0m] Stopped Discard unused blocks once a week.
[[0;32m  OK  [0m] Stopped target System Time Synchronized.
[[0;32m  OK  [0m] Stopped target Cloud-init target.
[[0;32m  OK  [0m] Stopped Execute cloud user/final scripts.
[[0;32m  OK  [0m] Stopped Apply the settings specified in cloud-config.
[[0;32m  OK  [0m] Stopped target Cloud-config availability.
         Stopping Availability of block devices...
[[0;32m  OK  [0m] Stopped target Graphical Interface.
[[0;32m  OK  [0m] Stopped target Multi-User System.
         Stopping FUSE filesystem for LXC...
[[0;32m  OK  [0m] Stopped Wait until snapd is fully seeded.
         Stopping Deferred execution scheduler...
         Stopping OpenBSD Secure Shell server...
         Stopping System Logging Service...
         Stopping Regular background program processing daemon...
         Stopping Dispatcher daemon for systemd-networkd...
         Stopping D-Bus System Message Bus...
         Stopping Docker Application Container Engine...
         Stopping LXD - container startup/shutdown...
         Stopping Virtualbox guest utils...
         Stopping LSB: Record successful boot for GRUB...
         Stopping Accounts Service...
         Stopping LSB: automatic crash report generation...
[[0;32m  OK  [0m] Stopped target Login Prompts.
         Stopping Serial Getty on ttyS0...
         Stopping Getty on tty1...
[[0;32m  OK  [0m] Unmounted /var/lib/lxcfs.
[[0;32m  OK  [0m] Stopped Regular background program processing daemon.
[[0;32m  OK  [0m] Stopped Dispatcher daemon for systemd-networkd.
[[0;32m  OK  [0m] Stopped System Logging Service.
[[0;32m  OK  [0m] Stopped Deferred execution scheduler.
[[0;32m  OK  [0m] Stopped Accounts Service.
[[0;32m  OK  [0m] Stopped Serial Getty on ttyS0.
[[0;32m  OK  [0m] Stopped Getty on tty1.
[[0;32m  OK  [0m] Stopped Authorization Manager.
[[0;32m  OK  [0m] Stopped OpenBSD Secure Shell server.
[[0;32m  OK  [0m] Stopped Docker Application Container Engine.
[[0;32m  OK  [0m] Stopped User Manager for UID 1000.
[[0;32m  OK  [0m] Stopped D-Bus System Message Bus.
[[0;32m  OK  [0m] Stopped FUSE filesystem for LXC.
[[0;32m  OK  [0m] Stopped Session 6 of user vagrant.
[[0;32m  OK  [0m] Removed slice User Slice of vagrant.
         Stopping Login Service...
         Stopping containerd container runtime...
[[0;32m  OK  [0m] Removed slice system-getty.slice.
[[0;32m  OK  [0m] Removed slice system-serial\x2dgetty.slice.
         Stopping Permit User Sessions...
[[0;32m  OK  [0m] Stopped target Login Prompts (Pre).
[[0;32m  OK  [0m] Stopped Login Service.
[[0;32m  OK  [0m] Stopped containerd container runtime.
[[0;32m  OK  [0m] Stopped LXD - container startup/shutdown.
[[0;32m  OK  [0m] Stopped LSB: Record successful boot for GRUB.
[[0;32m  OK  [0m] Stopped Permit User Sessions.
[[0;32m  OK  [0m] Stopped target User and Group Name Lookups.
[[0;32m  OK  [0m] Stopped Availability of block devices.
[[0;32m  OK  [0m] Stopped LSB: automatic crash report generation.
[[0;32m  OK  [0m] Stopped target Remote File Systems.
         Unmounting /vagrant...
[[0;32m  OK  [0m] Unmounted /vagrant.
[[0;32m  OK  [0m] Stopped target Remote File Systems (Pre).
[[0;32m  OK  [0m] Stopped target Network is Online.
[[0;32m  OK  [0m] Stopped target Network.
         Stopping Network Name Resolution...
[[0;32m  OK  [0m] Stopped Network Name Resolution.
[[0;32m  OK  [0m] Stopped Virtualbox guest utils.
[[0;32m  OK  [0m] Stopped target Basic System.
[[0;32m  OK  [0m] Stopped target Sockets.
[[0;32m  OK  [0m] Closed cloud-init hotplug hook socket.
[[0;32m  OK  [0m] Closed Open-iSCSI iscsid Socket.
[[0;32m  OK  [0m] Closed Socket activation for snappy daemon.
[[0;32m  OK  [0m] Closed Syslog Socket.
[[0;32m  OK  [0m] Closed D-Bus System Message Bus Socket.
[[0;32m  OK  [0m] Closed UUID daemon activation socket.
[[0;32m  OK  [0m] Closed LXD - unix socket.
[[0;32m  OK  [0m] Closed ACPID Listen Socket.
[[0;32m  OK  [0m] Closed Docker Socket for the API.
[[0;32m  OK  [0m] Stopped target Slices.
[[0;32m  OK  [0m] Removed slice User and Session Slice.
[[0;32m  OK  [0m] Stopped target Paths.
[[0;32m  OK  [0m] Stopped ACPI Events Check.
[[0;32m  OK  [0m] Stopped target System Initialization.
         Stopping Update UTMP about System Boot/Shutdown...
[[0;32m  OK  [0m] Stopped Initial cloud-init job (metadata service crawler).
[[0;32m  OK  [0m] Stopped target Local Encrypted Volumes.
[[0;32m  OK  [0m] Stopped Forward Password Requests to Wall Directory Watch.
[[0;32m  OK  [0m] Stopped Dispatch Password Requests to Console Directory Watch.
         Stopping Load/Save Random Seed...
         Stopping Network Service...
[[0;32m  OK  [0m] Stopped Update UTMP about System Boot/Shutdown.
[[0;32m  OK  [0m] Stopped Create Volatile Files and Directories.
[[0;32m  OK  [0m] Stopped target Local File Systems.
         Unmounting /run/user/1000...
[[0;32m  OK  [0m] Stopped target Mounted snaps.
[[0;32m  OK  [0m] Stopped target Mounting snaps.
[[0;32m  OK  [0m] Stopped Load/Save Random Seed.
[[0;32m  OK  [0m] Unmounted /run/user/1000.
[[0;32m  OK  [0m] Stopped Network Service.
[[0;32m  OK  [0m] Stopped Apply Kernel Variables.
[[0;32m  OK  [0m] Stopped Load Kernel Modules.
[[0;32m  OK  [0m] Stopped target Network (Pre).
[[0;32m  OK  [0m] Stopped Initial cloud-init job (pre-networking).
[[0;32m  OK  [0m] Reached target Unmount All Filesystems.
[[0;32m  OK  [0m] Stopped target Swap.
[[0;32m  OK  [0m] Stopped target Local File Systems (Pre).
[[0;32m  OK  [0m] Stopped Create Static Device Nodes in /dev.
         Stopping Monitoring of LVM2 mirrorsâ€¦ng dmeventd or progress polling...
[[0;32m  OK  [0m] Stopped Remount Root and Kernel File Systems.
[[0;32m  OK  [0m] Reached target Shutdown.
[[0;32m  OK  [0m] Reached target Final Step.
         Starting Power-Off...
[ 6597.067560] reboot: Power down
